/home/user/ros2_ws7/install/autonomous_braking/lib/python3.10/site-packages/autonomous_braking/visualizer.py
/home/user/ros2_ws7/install/autonomous_braking/lib/python3.10/site-packages/autonomous_braking/simulation.py
/home/user/ros2_ws7/install/autonomous_braking/lib/python3.10/site-packages/autonomous_braking/__init__.py
/home/user/ros2_ws7/install/autonomous_braking/lib/python3.10/site-packages/autonomous_braking/config.py
/home/user/ros2_ws7/install/autonomous_braking/lib/python3.10/site-packages/autonomous_braking/__pycache__/visualizer.cpython-310.pyc
/home/user/ros2_ws7/install/autonomous_braking/lib/python3.10/site-packages/autonomous_braking/__pycache__/simulation.cpython-310.pyc
/home/user/ros2_ws7/install/autonomous_braking/lib/python3.10/site-packages/autonomous_braking/__pycache__/__init__.cpython-310.pyc
/home/user/ros2_ws7/install/autonomous_braking/lib/python3.10/site-packages/autonomous_braking/__pycache__/config.cpython-310.pyc
/home/user/ros2_ws7/install/autonomous_braking/share/ament_index/resource_index/packages/autonomous_braking
/home/user/ros2_ws7/install/autonomous_braking/share/autonomous_braking/package.xml
/home/user/ros2_ws7/install/autonomous_braking/share/autonomous_braking/launch/aeb_system.launch.py
/home/user/ros2_ws7/install/autonomous_braking/share/autonomous_braking/config/aeb_params.yaml
/home/user/ros2_ws7/install/autonomous_braking/share/autonomous_braking/sprites/car_orange.png
/home/user/ros2_ws7/install/autonomous_braking/share/autonomous_braking/sprites/car_purple.png
/home/user/ros2_ws7/install/autonomous_braking/share/autonomous_braking/sprites/fallen_tree.png
/home/user/ros2_ws7/install/autonomous_braking/share/autonomous_braking/sprites/car.png
/home/user/ros2_ws7/install/autonomous_braking/share/autonomous_braking/sprites/bicycle.png
/home/user/ros2_ws7/install/autonomous_braking/share/autonomous_braking/sprites/child.png
/home/user/ros2_ws7/install/autonomous_braking/share/autonomous_braking/sprites/motorcycle.png
/home/user/ros2_ws7/install/autonomous_braking/share/autonomous_braking/sprites/ball.png
/home/user/ros2_ws7/install/autonomous_braking/share/autonomous_braking/sprites/pedestrian.png
/home/user/ros2_ws7/install/autonomous_braking/share/autonomous_braking/sprites/car_blue.png
/home/user/ros2_ws7/install/autonomous_braking/share/autonomous_braking/sprites/animal.png
/home/user/ros2_ws7/install/autonomous_braking/share/autonomous_braking/sprites/car_white.png
/home/user/ros2_ws7/install/autonomous_braking/share/autonomous_braking/sprites/road_tile.png
/home/user/ros2_ws7/install/autonomous_braking/share/autonomous_braking/sprites/truck.png
/home/user/ros2_ws7/install/autonomous_braking/share/autonomous_braking/sprites/ego.png
/home/user/ros2_ws7/install/autonomous_braking/share/autonomous_braking/sprites/car_yellow.png
/home/user/ros2_ws7/install/autonomous_braking/share/autonomous_braking/sprites/car_gray.png
/home/user/ros2_ws7/install/autonomous_braking/share/autonomous_braking/sprites/car_green.png
/home/user/ros2_ws7/install/autonomous_braking/share/autonomous_braking/sprites/car_red.png
/home/user/ros2_ws7/install/autonomous_braking/lib/python3.10/site-packages/autonomous_braking-2.0.0-py3.10.egg-info/PKG-INFO
/home/user/ros2_ws7/install/autonomous_braking/lib/python3.10/site-packages/autonomous_braking-2.0.0-py3.10.egg-info/zip-safe
/home/user/ros2_ws7/install/autonomous_braking/lib/python3.10/site-packages/autonomous_braking-2.0.0-py3.10.egg-info/top_level.txt
/home/user/ros2_ws7/install/autonomous_braking/lib/python3.10/site-packages/autonomous_braking-2.0.0-py3.10.egg-info/requires.txt
/home/user/ros2_ws7/install/autonomous_braking/lib/python3.10/site-packages/autonomous_braking-2.0.0-py3.10.egg-info/entry_points.txt
/home/user/ros2_ws7/install/autonomous_braking/lib/python3.10/site-packages/autonomous_braking-2.0.0-py3.10.egg-info/SOURCES.txt
/home/user/ros2_ws7/install/autonomous_braking/lib/python3.10/site-packages/autonomous_braking-2.0.0-py3.10.egg-info/dependency_links.txt
/home/user/ros2_ws7/install/autonomous_braking/lib/autonomous_braking/simulation
/home/user/ros2_ws7/install/autonomous_braking/lib/autonomous_braking/visualizer
