/usr/local/lib/python3.10/dist-packages/setuptools/_distutils/dist.py:289: UserWarning: Unknown distribution option: 'tests_require'
  warnings.warn(msg)
running egg_info
writing ../../build/autonomous_braking/autonomous_braking.egg-info/PKG-INFO
writing dependency_links to ../../build/autonomous_braking/autonomous_braking.egg-info/dependency_links.txt
writing entry points to ../../build/autonomous_braking/autonomous_braking.egg-info/entry_points.txt
writing requirements to ../../build/autonomous_braking/autonomous_braking.egg-info/requires.txt
writing top-level names to ../../build/autonomous_braking/autonomous_braking.egg-info/top_level.txt
reading manifest file '../../build/autonomous_braking/autonomous_braking.egg-info/SOURCES.txt'
writing manifest file '../../build/autonomous_braking/autonomous_braking.egg-info/SOURCES.txt'
running build
running build_py
copying autonomous_braking/visualizer.py -> /home/user/ros2_ws/build/autonomous_braking/build/lib/autonomous_braking
copying autonomous_braking/simulation.py -> /home/user/ros2_ws/build/autonomous_braking/build/lib/autonomous_braking
copying autonomous_braking/__init__.py -> /home/user/ros2_ws/build/autonomous_braking/build/lib/autonomous_braking
copying autonomous_braking/config.py -> /home/user/ros2_ws/build/autonomous_braking/build/lib/autonomous_braking
running install
running install_lib
copying /home/user/ros2_ws/build/autonomous_braking/build/lib/autonomous_braking/visualizer.py -> /home/user/ros2_ws/install/autonomous_braking/lib/python3.10/site-packages/autonomous_braking
copying /home/user/ros2_ws/build/autonomous_braking/build/lib/autonomous_braking/simulation.py -> /home/user/ros2_ws/install/autonomous_braking/lib/python3.10/site-packages/autonomous_braking
copying /home/user/ros2_ws/build/autonomous_braking/build/lib/autonomous_braking/__init__.py -> /home/user/ros2_ws/install/autonomous_braking/lib/python3.10/site-packages/autonomous_braking
copying /home/user/ros2_ws/build/autonomous_braking/build/lib/autonomous_braking/config.py -> /home/user/ros2_ws/install/autonomous_braking/lib/python3.10/site-packages/autonomous_braking
byte-compiling /home/user/ros2_ws/install/autonomous_braking/lib/python3.10/site-packages/autonomous_braking/visualizer.py to visualizer.cpython-310.pyc
byte-compiling /home/user/ros2_ws/install/autonomous_braking/lib/python3.10/site-packages/autonomous_braking/simulation.py to simulation.cpython-310.pyc
byte-compiling /home/user/ros2_ws/install/autonomous_braking/lib/python3.10/site-packages/autonomous_braking/__init__.py to __init__.cpython-310.pyc
byte-compiling /home/user/ros2_ws/install/autonomous_braking/lib/python3.10/site-packages/autonomous_braking/config.py to config.cpython-310.pyc
running install_data
copying resource/autonomous_braking -> /home/user/ros2_ws/install/autonomous_braking/share/ament_index/resource_index/packages
copying package.xml -> /home/user/ros2_ws/install/autonomous_braking/share/autonomous_braking
copying launch/aeb_system.launch.py -> /home/user/ros2_ws/install/autonomous_braking/share/autonomous_braking/launch
copying config/aeb_params.yaml -> /home/user/ros2_ws/install/autonomous_braking/share/autonomous_braking/config
running install_egg_info
removing '/home/user/ros2_ws/install/autonomous_braking/lib/python3.10/site-packages/autonomous_braking-2.0.0-py3.10.egg-info' (and everything under it)
Copying ../../build/autonomous_braking/autonomous_braking.egg-info to /home/user/ros2_ws/install/autonomous_braking/lib/python3.10/site-packages/autonomous_braking-2.0.0-py3.10.egg-info
running install_scripts
Installing simulation script to /home/user/ros2_ws/install/autonomous_braking/lib/autonomous_braking
Installing visualizer script to /home/user/ros2_ws/install/autonomous_braking/lib/autonomous_braking
writing list of installed files to '/home/user/ros2_ws/build/autonomous_braking/install.log'
