[0.831s] Invoking command in '/home/user/ros2_ws/src/autonomous_braking': PYTHONPATH=/home/user/ros2_ws/build/autonomous_braking/prefix_override:/usr/lib/python3/dist-packages/colcon_core/task/python/colcon_distutils_commands:/home/user/ros2_ws/install/autonomous_braking/lib/python3.10/site-packages:${PYTHONPATH} _=/usr/bin/env /usr/bin/python3 -W ignore:setup.py install is deprecated -W ignore:easy_install command is deprecated setup.py egg_info --egg-base ../../build/autonomous_braking build --build-base /home/user/ros2_ws/build/autonomous_braking/build install --record /home/user/ros2_ws/build/autonomous_braking/install.log --single-version-externally-managed install_data
[1.018s] /usr/local/lib/python3.10/dist-packages/setuptools/_distutils/dist.py:289: UserWarning: Unknown distribution option: 'tests_require'
[1.018s]   warnings.warn(msg)
[1.151s] running egg_info
[1.174s] writing ../../build/autonomous_braking/autonomous_braking.egg-info/PKG-INFO
[1.175s] writing dependency_links to ../../build/autonomous_braking/autonomous_braking.egg-info/dependency_links.txt
[1.175s] writing entry points to ../../build/autonomous_braking/autonomous_braking.egg-info/entry_points.txt
[1.175s] writing requirements to ../../build/autonomous_braking/autonomous_braking.egg-info/requires.txt
[1.175s] writing top-level names to ../../build/autonomous_braking/autonomous_braking.egg-info/top_level.txt
[1.222s] reading manifest file '../../build/autonomous_braking/autonomous_braking.egg-info/SOURCES.txt'
[1.225s] writing manifest file '../../build/autonomous_braking/autonomous_braking.egg-info/SOURCES.txt'
[1.225s] running build
[1.225s] running build_py
[1.226s] copying autonomous_braking/visualizer.py -> /home/user/ros2_ws/build/autonomous_braking/build/lib/autonomous_braking
[1.227s] copying autonomous_braking/simulation.py -> /home/user/ros2_ws/build/autonomous_braking/build/lib/autonomous_braking
[1.227s] copying autonomous_braking/__init__.py -> /home/user/ros2_ws/build/autonomous_braking/build/lib/autonomous_braking
[1.227s] copying autonomous_braking/config.py -> /home/user/ros2_ws/build/autonomous_braking/build/lib/autonomous_braking
[1.228s] running install
[1.236s] running install_lib
[1.269s] copying /home/user/ros2_ws/build/autonomous_braking/build/lib/autonomous_braking/visualizer.py -> /home/user/ros2_ws/install/autonomous_braking/lib/python3.10/site-packages/autonomous_braking
[1.269s] copying /home/user/ros2_ws/build/autonomous_braking/build/lib/autonomous_braking/simulation.py -> /home/user/ros2_ws/install/autonomous_braking/lib/python3.10/site-packages/autonomous_braking
[1.269s] copying /home/user/ros2_ws/build/autonomous_braking/build/lib/autonomous_braking/__init__.py -> /home/user/ros2_ws/install/autonomous_braking/lib/python3.10/site-packages/autonomous_braking
[1.269s] copying /home/user/ros2_ws/build/autonomous_braking/build/lib/autonomous_braking/config.py -> /home/user/ros2_ws/install/autonomous_braking/lib/python3.10/site-packages/autonomous_braking
[1.270s] byte-compiling /home/user/ros2_ws/install/autonomous_braking/lib/python3.10/site-packages/autonomous_braking/visualizer.py to visualizer.cpython-310.pyc
[1.278s] byte-compiling /home/user/ros2_ws/install/autonomous_braking/lib/python3.10/site-packages/autonomous_braking/simulation.py to simulation.cpython-310.pyc
[1.281s] byte-compiling /home/user/ros2_ws/install/autonomous_braking/lib/python3.10/site-packages/autonomous_braking/__init__.py to __init__.cpython-310.pyc
[1.282s] byte-compiling /home/user/ros2_ws/install/autonomous_braking/lib/python3.10/site-packages/autonomous_braking/config.py to config.cpython-310.pyc
[1.283s] running install_data
[1.283s] copying resource/autonomous_braking -> /home/user/ros2_ws/install/autonomous_braking/share/ament_index/resource_index/packages
[1.283s] copying package.xml -> /home/user/ros2_ws/install/autonomous_braking/share/autonomous_braking
[1.283s] copying launch/aeb_system.launch.py -> /home/user/ros2_ws/install/autonomous_braking/share/autonomous_braking/launch
[1.284s] copying config/aeb_params.yaml -> /home/user/ros2_ws/install/autonomous_braking/share/autonomous_braking/config
[1.284s] running install_egg_info
[1.305s] removing '/home/user/ros2_ws/install/autonomous_braking/lib/python3.10/site-packages/autonomous_braking-2.0.0-py3.10.egg-info' (and everything under it)
[1.305s] Copying ../../build/autonomous_braking/autonomous_braking.egg-info to /home/user/ros2_ws/install/autonomous_braking/lib/python3.10/site-packages/autonomous_braking-2.0.0-py3.10.egg-info
[1.306s] running install_scripts
[1.358s] Installing simulation script to /home/user/ros2_ws/install/autonomous_braking/lib/autonomous_braking
[1.358s] Installing visualizer script to /home/user/ros2_ws/install/autonomous_braking/lib/autonomous_braking
[1.360s] writing list of installed files to '/home/user/ros2_ws/build/autonomous_braking/install.log'
[1.390s] Invoked command in '/home/user/ros2_ws/src/autonomous_braking' returned '0': PYTHONPATH=/home/user/ros2_ws/build/autonomous_braking/prefix_override:/usr/lib/python3/dist-packages/colcon_core/task/python/colcon_distutils_commands:/home/user/ros2_ws/install/autonomous_braking/lib/python3.10/site-packages:${PYTHONPATH} _=/usr/bin/env /usr/bin/python3 -W ignore:setup.py install is deprecated -W ignore:easy_install command is deprecated setup.py egg_info --egg-base ../../build/autonomous_braking build --build-base /home/user/ros2_ws/build/autonomous_braking/build install --record /home/user/ros2_ws/build/autonomous_braking/install.log --single-version-externally-managed install_data
