[0.837s] Invoking command in '/home/user/ros2_ws/src/autonomous_braking': PYTHONPATH=/home/user/ros2_ws/build/autonomous_braking/prefix_override:/usr/lib/python3/dist-packages/colcon_core/task/python/colcon_distutils_commands:/home/user/ros2_ws/install/autonomous_braking/lib/python3.10/site-packages:${PYTHONPATH} _=/usr/bin/env /usr/bin/python3 -W ignore:setup.py install is deprecated -W ignore:easy_install command is deprecated setup.py egg_info --egg-base ../../build/autonomous_braking build --build-base /home/user/ros2_ws/build/autonomous_braking/build install --record /home/user/ros2_ws/build/autonomous_braking/install.log --single-version-externally-managed install_data
[1.033s] /usr/local/lib/python3.10/dist-packages/setuptools/_distutils/dist.py:289: UserWarning: Unknown distribution option: 'tests_require'
[1.033s]   warnings.warn(msg)
[1.084s] /usr/local/lib/python3.10/dist-packages/setuptools/dist.py:759: SetuptoolsDeprecationWarning: License classifiers are deprecated.
[1.085s] !!
[1.085s] 
[1.085s]         ********************************************************************************
[1.085s]         Please consider removing the following classifiers in favor of a SPDX license expression:
[1.085s] 
[1.085s]         License :: OSI Approved :: MIT License
[1.086s] 
[1.086s]         See https://packaging.python.org/en/latest/guides/writing-pyproject-toml/#license for details.
[1.086s]         ********************************************************************************
[1.086s] 
[1.086s] !!
[1.086s]   self._finalize_license_expression()
[1.172s] running egg_info
[1.192s] writing ../../build/autonomous_braking/autonomous_braking.egg-info/PKG-INFO
[1.193s] writing dependency_links to ../../build/autonomous_braking/autonomous_braking.egg-info/dependency_links.txt
[1.193s] writing entry points to ../../build/autonomous_braking/autonomous_braking.egg-info/entry_points.txt
[1.193s] writing requirements to ../../build/autonomous_braking/autonomous_braking.egg-info/requires.txt
[1.193s] writing top-level names to ../../build/autonomous_braking/autonomous_braking.egg-info/top_level.txt
[1.238s] reading manifest file '../../build/autonomous_braking/autonomous_braking.egg-info/SOURCES.txt'
[1.242s] writing manifest file '../../build/autonomous_braking/autonomous_braking.egg-info/SOURCES.txt'
[1.242s] running build
[1.242s] running build_py
[1.243s] running install
[1.252s] running install_lib
[1.288s] running install_data
[1.289s] running install_egg_info
[1.311s] removing '/home/user/ros2_ws/install/autonomous_braking/lib/python3.10/site-packages/autonomous_braking-2.0.0-py3.10.egg-info' (and everything under it)
[1.311s] Copying ../../build/autonomous_braking/autonomous_braking.egg-info to /home/user/ros2_ws/install/autonomous_braking/lib/python3.10/site-packages/autonomous_braking-2.0.0-py3.10.egg-info
[1.312s] running install_scripts
[1.356s] Installing ego_controller script to /home/user/ros2_ws/install/autonomous_braking/lib/autonomous_braking
[1.357s] Installing full_system script to /home/user/ros2_ws/install/autonomous_braking/lib/autonomous_braking
[1.357s] Installing simulation script to /home/user/ros2_ws/install/autonomous_braking/lib/autonomous_braking
[1.357s] Installing visualizer script to /home/user/ros2_ws/install/autonomous_braking/lib/autonomous_braking
[1.357s] writing list of installed files to '/home/user/ros2_ws/build/autonomous_braking/install.log'
[1.388s] Invoked command in '/home/user/ros2_ws/src/autonomous_braking' returned '0': PYTHONPATH=/home/user/ros2_ws/build/autonomous_braking/prefix_override:/usr/lib/python3/dist-packages/colcon_core/task/python/colcon_distutils_commands:/home/user/ros2_ws/install/autonomous_braking/lib/python3.10/site-packages:${PYTHONPATH} _=/usr/bin/env /usr/bin/python3 -W ignore:setup.py install is deprecated -W ignore:easy_install command is deprecated setup.py egg_info --egg-base ../../build/autonomous_braking build --build-base /home/user/ros2_ws/build/autonomous_braking/build install --record /home/user/ros2_ws/build/autonomous_braking/install.log --single-version-externally-managed install_data
