[0.820s] Invoking command in '/home/user/ros2_ws/src/autonomous_braking': PYTHONPATH=/home/user/ros2_ws/build/autonomous_braking/prefix_override:/usr/lib/python3/dist-packages/colcon_core/task/python/colcon_distutils_commands:/home/user/ros2_ws/install/autonomous_braking/lib/python3.10/site-packages:${PYTHONPATH} _=/usr/bin/env /usr/bin/python3 -W ignore:setup.py install is deprecated -W ignore:easy_install command is deprecated setup.py egg_info --egg-base ../../build/autonomous_braking build --build-base /home/user/ros2_ws/build/autonomous_braking/build install --record /home/user/ros2_ws/build/autonomous_braking/install.log --single-version-externally-managed install_data
[1.005s] /usr/local/lib/python3.10/dist-packages/setuptools/_distutils/dist.py:289: UserWarning: Unknown distribution option: 'tests_require'
[1.005s]   warnings.warn(msg)
[1.137s] running egg_info
[1.162s] writing ../../build/autonomous_braking/autonomous_braking.egg-info/PKG-INFO
[1.164s] writing dependency_links to ../../build/autonomous_braking/autonomous_braking.egg-info/dependency_links.txt
[1.164s] writing entry points to ../../build/autonomous_braking/autonomous_braking.egg-info/entry_points.txt
[1.164s] writing requirements to ../../build/autonomous_braking/autonomous_braking.egg-info/requires.txt
[1.164s] writing top-level names to ../../build/autonomous_braking/autonomous_braking.egg-info/top_level.txt
[1.204s] reading manifest file '../../build/autonomous_braking/autonomous_braking.egg-info/SOURCES.txt'
[1.206s] writing manifest file '../../build/autonomous_braking/autonomous_braking.egg-info/SOURCES.txt'
[1.206s] running build
[1.206s] running build_py
[1.206s] copying autonomous_braking/visualizer.py -> /home/user/ros2_ws/build/autonomous_braking/build/lib/autonomous_braking
[1.207s] copying autonomous_braking/simulation.py -> /home/user/ros2_ws/build/autonomous_braking/build/lib/autonomous_braking
[1.207s] copying autonomous_braking/__init__.py -> /home/user/ros2_ws/build/autonomous_braking/build/lib/autonomous_braking
[1.207s] copying autonomous_braking/config.py -> /home/user/ros2_ws/build/autonomous_braking/build/lib/autonomous_braking
[1.207s] running install
[1.211s] running install_lib
[1.234s] running install_data
[1.234s] copying resource/autonomous_braking -> /home/user/ros2_ws/install/autonomous_braking/share/ament_index/resource_index/packages
[1.235s] copying package.xml -> /home/user/ros2_ws/install/autonomous_braking/share/autonomous_braking
[1.235s] copying launch/aeb_system.launch.py -> /home/user/ros2_ws/install/autonomous_braking/share/autonomous_braking/launch
[1.235s] copying config/aeb_params.yaml -> /home/user/ros2_ws/install/autonomous_braking/share/autonomous_braking/config
[1.235s] running install_egg_info
[1.261s] removing '/home/user/ros2_ws/install/autonomous_braking/lib/python3.10/site-packages/autonomous_braking-2.0.0-py3.10.egg-info' (and everything under it)
[1.261s] Copying ../../build/autonomous_braking/autonomous_braking.egg-info to /home/user/ros2_ws/install/autonomous_braking/lib/python3.10/site-packages/autonomous_braking-2.0.0-py3.10.egg-info
[1.262s] running install_scripts
[1.313s] Installing simulation script to /home/user/ros2_ws/install/autonomous_braking/lib/autonomous_braking
[1.313s] Installing visualizer script to /home/user/ros2_ws/install/autonomous_braking/lib/autonomous_braking
[1.314s] writing list of installed files to '/home/user/ros2_ws/build/autonomous_braking/install.log'
[1.346s] Invoked command in '/home/user/ros2_ws/src/autonomous_braking' returned '0': PYTHONPATH=/home/user/ros2_ws/build/autonomous_braking/prefix_override:/usr/lib/python3/dist-packages/colcon_core/task/python/colcon_distutils_commands:/home/user/ros2_ws/install/autonomous_braking/lib/python3.10/site-packages:${PYTHONPATH} _=/usr/bin/env /usr/bin/python3 -W ignore:setup.py install is deprecated -W ignore:easy_install command is deprecated setup.py egg_info --egg-base ../../build/autonomous_braking build --build-base /home/user/ros2_ws/build/autonomous_braking/build install --record /home/user/ros2_ws/build/autonomous_braking/install.log --single-version-externally-managed install_data
