[1.446s] Invoking command in '/home/user/ros2_ws/src/autonomous_braking': PYTHONPATH=/home/user/ros2_ws/build/autonomous_braking/prefix_override:/usr/lib/python3/dist-packages/colcon_core/task/python/colcon_distutils_commands:/home/user/ros2_ws/install/autonomous_braking/lib/python3.10/site-packages:${PYTHONPATH} _=/usr/bin/env /usr/bin/python3 -W ignore:setup.py install is deprecated -W ignore:easy_install command is deprecated setup.py egg_info --egg-base ../../build/autonomous_braking build --build-base /home/user/ros2_ws/build/autonomous_braking/build install --record /home/user/ros2_ws/build/autonomous_braking/install.log --single-version-externally-managed install_data
[1.710s] /usr/local/lib/python3.10/dist-packages/setuptools/_distutils/dist.py:289: UserWarning: Unknown distribution option: 'tests_require'
[1.710s]   warnings.warn(msg)
[1.770s] /usr/local/lib/python3.10/dist-packages/setuptools/dist.py:759: SetuptoolsDeprecationWarning: License classifiers are deprecated.
[1.770s] !!
[1.770s] 
[1.770s]         ********************************************************************************
[1.770s]         Please consider removing the following classifiers in favor of a SPDX license expression:
[1.770s] 
[1.770s]         License :: OSI Approved :: MIT License
[1.771s] 
[1.771s]         See https://packaging.python.org/en/latest/guides/writing-pyproject-toml/#license for details.
[1.771s]         ********************************************************************************
[1.771s] 
[1.771s] !!
[1.771s]   self._finalize_license_expression()
[1.891s] running egg_info
[1.923s] writing ../../build/autonomous_braking/autonomous_braking.egg-info/PKG-INFO
[1.924s] writing dependency_links to ../../build/autonomous_braking/autonomous_braking.egg-info/dependency_links.txt
[1.924s] writing entry points to ../../build/autonomous_braking/autonomous_braking.egg-info/entry_points.txt
[1.924s] writing requirements to ../../build/autonomous_braking/autonomous_braking.egg-info/requires.txt
[1.925s] writing top-level names to ../../build/autonomous_braking/autonomous_braking.egg-info/top_level.txt
[1.996s] reading manifest file '../../build/autonomous_braking/autonomous_braking.egg-info/SOURCES.txt'
[1.998s] writing manifest file '../../build/autonomous_braking/autonomous_braking.egg-info/SOURCES.txt'
[1.998s] running build
[1.998s] running build_py
[1.999s] running install
[2.006s] running install_lib
[2.037s] running install_data
[2.038s] running install_egg_info
[2.072s] removing '/home/user/ros2_ws/install/autonomous_braking/lib/python3.10/site-packages/autonomous_braking-2.0.0-py3.10.egg-info' (and everything under it)
[2.072s] Copying ../../build/autonomous_braking/autonomous_braking.egg-info to /home/user/ros2_ws/install/autonomous_braking/lib/python3.10/site-packages/autonomous_braking-2.0.0-py3.10.egg-info
[2.073s] running install_scripts
[2.140s] Installing ego_controller script to /home/user/ros2_ws/install/autonomous_braking/lib/autonomous_braking
[2.141s] Installing full_system script to /home/user/ros2_ws/install/autonomous_braking/lib/autonomous_braking
[2.141s] Installing simulation script to /home/user/ros2_ws/install/autonomous_braking/lib/autonomous_braking
[2.141s] Installing visualizer script to /home/user/ros2_ws/install/autonomous_braking/lib/autonomous_braking
[2.141s] writing list of installed files to '/home/user/ros2_ws/build/autonomous_braking/install.log'
[2.182s] Invoked command in '/home/user/ros2_ws/src/autonomous_braking' returned '0': PYTHONPATH=/home/user/ros2_ws/build/autonomous_braking/prefix_override:/usr/lib/python3/dist-packages/colcon_core/task/python/colcon_distutils_commands:/home/user/ros2_ws/install/autonomous_braking/lib/python3.10/site-packages:${PYTHONPATH} _=/usr/bin/env /usr/bin/python3 -W ignore:setup.py install is deprecated -W ignore:easy_install command is deprecated setup.py egg_info --egg-base ../../build/autonomous_braking build --build-base /home/user/ros2_ws/build/autonomous_braking/build install --record /home/user/ros2_ws/build/autonomous_braking/install.log --single-version-externally-managed install_data
