running egg_info
creating ../../build/autonomous_braking/autonomous_braking.egg-info
writing ../../build/autonomous_braking/autonomous_braking.egg-info/PKG-INFO
writing dependency_links to ../../build/autonomous_braking/autonomous_braking.egg-info/dependency_links.txt
writing entry points to ../../build/autonomous_braking/autonomous_braking.egg-info/entry_points.txt
writing requirements to ../../build/autonomous_braking/autonomous_braking.egg-info/requires.txt
writing top-level names to ../../build/autonomous_braking/autonomous_braking.egg-info/top_level.txt
writing manifest file '../../build/autonomous_braking/autonomous_braking.egg-info/SOURCES.txt'
reading manifest file '../../build/autonomous_braking/autonomous_braking.egg-info/SOURCES.txt'
writing manifest file '../../build/autonomous_braking/autonomous_braking.egg-info/SOURCES.txt'
running build
running build_py
creating /home/user/ros2_ws/build/autonomous_braking/build/lib/autonomous_braking
copying autonomous_braking/visualizer.py -> /home/user/ros2_ws/build/autonomous_braking/build/lib/autonomous_braking
copying autonomous_braking/vehicle_dynamics.py -> /home/user/ros2_ws/build/autonomous_braking/build/lib/autonomous_braking
copying autonomous_braking/simulation.py -> /home/user/ros2_ws/build/autonomous_braking/build/lib/autonomous_braking
copying autonomous_braking/__init__.py -> /home/user/ros2_ws/build/autonomous_braking/build/lib/autonomous_braking
copying autonomous_braking/lidar_sensor.py -> /home/user/ros2_ws/build/autonomous_braking/build/lib/autonomous_braking
copying autonomous_braking/lane_controller.py -> /home/user/ros2_ws/build/autonomous_braking/build/lib/autonomous_braking
copying autonomous_braking/config.py -> /home/user/ros2_ws/build/autonomous_braking/build/lib/autonomous_braking
copying autonomous_braking/obstacle_manager.py -> /home/user/ros2_ws/build/autonomous_braking/build/lib/autonomous_braking
running install
running install_lib
creating /home/user/ros2_ws/install/autonomous_braking/lib/python3.10/site-packages/autonomous_braking
copying /home/user/ros2_ws/build/autonomous_braking/build/lib/autonomous_braking/visualizer.py -> /home/user/ros2_ws/install/autonomous_braking/lib/python3.10/site-packages/autonomous_braking
copying /home/user/ros2_ws/build/autonomous_braking/build/lib/autonomous_braking/vehicle_dynamics.py -> /home/user/ros2_ws/install/autonomous_braking/lib/python3.10/site-packages/autonomous_braking
copying /home/user/ros2_ws/build/autonomous_braking/build/lib/autonomous_braking/simulation.py -> /home/user/ros2_ws/install/autonomous_braking/lib/python3.10/site-packages/autonomous_braking
copying /home/user/ros2_ws/build/autonomous_braking/build/lib/autonomous_braking/__init__.py -> /home/user/ros2_ws/install/autonomous_braking/lib/python3.10/site-packages/autonomous_braking
copying /home/user/ros2_ws/build/autonomous_braking/build/lib/autonomous_braking/lidar_sensor.py -> /home/user/ros2_ws/install/autonomous_braking/lib/python3.10/site-packages/autonomous_braking
copying /home/user/ros2_ws/build/autonomous_braking/build/lib/autonomous_braking/lane_controller.py -> /home/user/ros2_ws/install/autonomous_braking/lib/python3.10/site-packages/autonomous_braking
copying /home/user/ros2_ws/build/autonomous_braking/build/lib/autonomous_braking/config.py -> /home/user/ros2_ws/install/autonomous_braking/lib/python3.10/site-packages/autonomous_braking
copying /home/user/ros2_ws/build/autonomous_braking/build/lib/autonomous_braking/obstacle_manager.py -> /home/user/ros2_ws/install/autonomous_braking/lib/python3.10/site-packages/autonomous_braking
byte-compiling /home/user/ros2_ws/install/autonomous_braking/lib/python3.10/site-packages/autonomous_braking/visualizer.py to visualizer.cpython-310.pyc
byte-compiling /home/user/ros2_ws/install/autonomous_braking/lib/python3.10/site-packages/autonomous_braking/vehicle_dynamics.py to vehicle_dynamics.cpython-310.pyc
byte-compiling /home/user/ros2_ws/install/autonomous_braking/lib/python3.10/site-packages/autonomous_braking/simulation.py to simulation.cpython-310.pyc
byte-compiling /home/user/ros2_ws/install/autonomous_braking/lib/python3.10/site-packages/autonomous_braking/__init__.py to __init__.cpython-310.pyc
byte-compiling /home/user/ros2_ws/install/autonomous_braking/lib/python3.10/site-packages/autonomous_braking/lidar_sensor.py to lidar_sensor.cpython-310.pyc
byte-compiling /home/user/ros2_ws/install/autonomous_braking/lib/python3.10/site-packages/autonomous_braking/lane_controller.py to lane_controller.cpython-310.pyc
byte-compiling /home/user/ros2_ws/install/autonomous_braking/lib/python3.10/site-packages/autonomous_braking/config.py to config.cpython-310.pyc
byte-compiling /home/user/ros2_ws/install/autonomous_braking/lib/python3.10/site-packages/autonomous_braking/obstacle_manager.py to obstacle_manager.cpython-310.pyc
running install_data
creating /home/user/ros2_ws/install/autonomous_braking/share/ament_index/resource_index/packages
copying resource/autonomous_braking -> /home/user/ros2_ws/install/autonomous_braking/share/ament_index/resource_index/packages
copying package.xml -> /home/user/ros2_ws/install/autonomous_braking/share/autonomous_braking
creating /home/user/ros2_ws/install/autonomous_braking/share/autonomous_braking/launch
copying launch/aeb_system.launch.py -> /home/user/ros2_ws/install/autonomous_braking/share/autonomous_braking/launch
creating /home/user/ros2_ws/install/autonomous_braking/share/autonomous_braking/config
copying config/aeb_params.yaml -> /home/user/ros2_ws/install/autonomous_braking/share/autonomous_braking/config
running install_egg_info
Copying ../../build/autonomous_braking/autonomous_braking.egg-info to /home/user/ros2_ws/install/autonomous_braking/lib/python3.10/site-packages/autonomous_braking-2.0.0-py3.10.egg-info
running install_scripts
Installing ego_controller script to /home/user/ros2_ws/install/autonomous_braking/lib/autonomous_braking
Installing full_system script to /home/user/ros2_ws/install/autonomous_braking/lib/autonomous_braking
Installing simulation script to /home/user/ros2_ws/install/autonomous_braking/lib/autonomous_braking
Installing visualizer script to /home/user/ros2_ws/install/autonomous_braking/lib/autonomous_braking
writing list of installed files to '/home/user/ros2_ws/build/autonomous_braking/install.log'
